Analysis & Synthesis report for Omdazz_Cyclon_IV_RZ401_top
Wed Feb 26 22:00:01 2025
Quartus Prime Version 22.1std.0 Build 915 10/25/2022 SC Standard Edition


---------------------
; Table of Contents ;
---------------------
  1. Legal Notice
  2. Analysis & Synthesis Summary
  3. Analysis & Synthesis Settings
  4. Parallel Compilation
  5. Analysis & Synthesis Source Files Read
  6. Analysis & Synthesis Resource Usage Summary
  7. Analysis & Synthesis Resource Utilization by Entity
  8. Registers Removed During Synthesis
  9. Removed Registers Triggering Further Register Optimizations
 10. General Register Statistics
 11. Inverted Register Statistics
 12. Multiplexer Restructuring Statistics (Restructuring Performed)
 13. Source assignments for Top-level Entity: |Omdazz_Cyclon_IV_RZ401_top
 14. Parameter Settings for User Entity Instance: count_3sec_ctrl:count_3sec
 15. Parameter Settings for User Entity Instance: count_3sec_ctrl:count_long_strobe_music_sheet
 16. Port Connectivity Checks: "count_3sec_ctrl:count_long_strobe_music_sheet"
 17. Port Connectivity Checks: "sevenseg_ctrl:sevenseg_inst"
 18. Port Connectivity Checks: "sevenseg_dynamic_ctrl:sv_seg_dynamic_inst"
 19. Port Connectivity Checks: "invert_ctrl:invert_high_inst"
 20. Port Connectivity Checks: "count1_4bit_ctrl:count_high_bit_inst"
 21. Port Connectivity Checks: "key_ctrl:key_inv_inst"
 22. Port Connectivity Checks: "key_ctrl:key_bzz_inst"
 23. Port Connectivity Checks: "key_ctrl:key_minus_inst"
 24. Port Connectivity Checks: "key_ctrl:key_add_inst"
 25. Post-Synthesis Netlist Statistics for Top Partition
 26. Elapsed Time Per Partition
 27. Analysis & Synthesis Messages
 28. Analysis & Synthesis Suppressed Messages



----------------
; Legal Notice ;
----------------
Copyright (C) 2022  Intel Corporation. All rights reserved.
Your use of Intel Corporation's design tools, logic functions 
and other software and tools, and any partner logic 
functions, and any output files from any of the foregoing 
(including device programming or simulation files), and any 
associated documentation or information are expressly subject 
to the terms and conditions of the Intel Program License 
Subscription Agreement, the Intel Quartus Prime License Agreement,
the Intel FPGA IP License Agreement, or other applicable license
agreement, including, without limitation, that your use is for
the sole purpose of programming logic devices manufactured by
Intel and sold by Intel or its authorized distributors.  Please
refer to the applicable agreement for further details, at
https://fpgasoftware.intel.com/eula.



+-----------------------------------------------------------------------------------------+
; Analysis & Synthesis Summary                                                            ;
+------------------------------------+----------------------------------------------------+
; Analysis & Synthesis Status        ; Successful - Wed Feb 26 22:00:01 2025              ;
; Quartus Prime Version              ; 22.1std.0 Build 915 10/25/2022 SC Standard Edition ;
; Revision Name                      ; Omdazz_Cyclon_IV_RZ401_top                         ;
; Top-level Entity Name              ; Omdazz_Cyclon_IV_RZ401_top                         ;
; Family                             ; Cyclone IV E                                       ;
; Total logic elements               ; 293                                                ;
;     Total combinational functions  ; 280                                                ;
;     Dedicated logic registers      ; 207                                                ;
; Total registers                    ; 207                                                ;
; Total pins                         ; 43                                                 ;
; Total virtual pins                 ; 0                                                  ;
; Total memory bits                  ; 0                                                  ;
; Embedded Multiplier 9-bit elements ; 0                                                  ;
; Total PLLs                         ; 0                                                  ;
+------------------------------------+----------------------------------------------------+


+----------------------------------------------------------------------------------------------------------------------------+
; Analysis & Synthesis Settings                                                                                              ;
+------------------------------------------------------------------+----------------------------+----------------------------+
; Option                                                           ; Setting                    ; Default Value              ;
+------------------------------------------------------------------+----------------------------+----------------------------+
; Device                                                           ; EP4CE10E22C8               ;                            ;
; Top-level entity name                                            ; Omdazz_Cyclon_IV_RZ401_top ; Omdazz_Cyclon_IV_RZ401_top ;
; Family name                                                      ; Cyclone IV E               ; Cyclone V                  ;
; Use smart compilation                                            ; Off                        ; Off                        ;
; Enable parallel Assembler and Timing Analyzer during compilation ; On                         ; On                         ;
; Enable compact report table                                      ; Off                        ; Off                        ;
; Restructure Multiplexers                                         ; Auto                       ; Auto                       ;
; Create Debugging Nodes for IP Cores                              ; Off                        ; Off                        ;
; Preserve fewer node names                                        ; On                         ; On                         ;
; Intel FPGA IP Evaluation Mode                                    ; Enable                     ; Enable                     ;
; Verilog Version                                                  ; Verilog_2001               ; Verilog_2001               ;
; VHDL Version                                                     ; VHDL_1993                  ; VHDL_1993                  ;
; State Machine Processing                                         ; Auto                       ; Auto                       ;
; Safe State Machine                                               ; Off                        ; Off                        ;
; Extract Verilog State Machines                                   ; On                         ; On                         ;
; Extract VHDL State Machines                                      ; On                         ; On                         ;
; Ignore Verilog initial constructs                                ; Off                        ; Off                        ;
; Iteration limit for constant Verilog loops                       ; 5000                       ; 5000                       ;
; Iteration limit for non-constant Verilog loops                   ; 250                        ; 250                        ;
; Add Pass-Through Logic to Inferred RAMs                          ; On                         ; On                         ;
; Infer RAMs from Raw Logic                                        ; On                         ; On                         ;
; Parallel Synthesis                                               ; On                         ; On                         ;
; DSP Block Balancing                                              ; Auto                       ; Auto                       ;
; NOT Gate Push-Back                                               ; On                         ; On                         ;
; Power-Up Don't Care                                              ; On                         ; On                         ;
; Remove Redundant Logic Cells                                     ; Off                        ; Off                        ;
; Remove Duplicate Registers                                       ; On                         ; On                         ;
; Ignore CARRY Buffers                                             ; Off                        ; Off                        ;
; Ignore CASCADE Buffers                                           ; Off                        ; Off                        ;
; Ignore GLOBAL Buffers                                            ; Off                        ; Off                        ;
; Ignore ROW GLOBAL Buffers                                        ; Off                        ; Off                        ;
; Ignore LCELL Buffers                                             ; Off                        ; Off                        ;
; Ignore SOFT Buffers                                              ; On                         ; On                         ;
; Limit AHDL Integers to 32 Bits                                   ; Off                        ; Off                        ;
; Optimization Technique                                           ; Balanced                   ; Balanced                   ;
; Carry Chain Length                                               ; 70                         ; 70                         ;
; Auto Carry Chains                                                ; On                         ; On                         ;
; Auto Open-Drain Pins                                             ; On                         ; On                         ;
; Perform WYSIWYG Primitive Resynthesis                            ; Off                        ; Off                        ;
; Auto ROM Replacement                                             ; On                         ; On                         ;
; Auto RAM Replacement                                             ; On                         ; On                         ;
; Auto DSP Block Replacement                                       ; On                         ; On                         ;
; Auto Shift Register Replacement                                  ; Auto                       ; Auto                       ;
; Allow Shift Register Merging across Hierarchies                  ; Auto                       ; Auto                       ;
; Auto Clock Enable Replacement                                    ; On                         ; On                         ;
; Strict RAM Replacement                                           ; Off                        ; Off                        ;
; Allow Synchronous Control Signals                                ; On                         ; On                         ;
; Force Use of Synchronous Clear Signals                           ; Off                        ; Off                        ;
; Auto RAM Block Balancing                                         ; On                         ; On                         ;
; Auto RAM to Logic Cell Conversion                                ; Off                        ; Off                        ;
; Auto Resource Sharing                                            ; Off                        ; Off                        ;
; Allow Any RAM Size For Recognition                               ; Off                        ; Off                        ;
; Allow Any ROM Size For Recognition                               ; Off                        ; Off                        ;
; Allow Any Shift Register Size For Recognition                    ; Off                        ; Off                        ;
; Use LogicLock Constraints during Resource Balancing              ; On                         ; On                         ;
; Ignore translate_off and synthesis_off directives                ; Off                        ; Off                        ;
; Timing-Driven Synthesis                                          ; On                         ; On                         ;
; Report Parameter Settings                                        ; On                         ; On                         ;
; Report Source Assignments                                        ; On                         ; On                         ;
; Report Connectivity Checks                                       ; On                         ; On                         ;
; Ignore Maximum Fan-Out Assignments                               ; Off                        ; Off                        ;
; Synchronization Register Chain Length                            ; 2                          ; 2                          ;
; Power Optimization During Synthesis                              ; Normal compilation         ; Normal compilation         ;
; HDL message level                                                ; Level2                     ; Level2                     ;
; Suppress Register Optimization Related Messages                  ; Off                        ; Off                        ;
; Number of Removed Registers Reported in Synthesis Report         ; 5000                       ; 5000                       ;
; Number of Swept Nodes Reported in Synthesis Report               ; 5000                       ; 5000                       ;
; Number of Inverted Registers Reported in Synthesis Report        ; 100                        ; 100                        ;
; Clock MUX Protection                                             ; On                         ; On                         ;
; Auto Gated Clock Conversion                                      ; Off                        ; Off                        ;
; Block Design Naming                                              ; Auto                       ; Auto                       ;
; SDC constraint protection                                        ; Off                        ; Off                        ;
; Synthesis Effort                                                 ; Auto                       ; Auto                       ;
; Shift Register Replacement - Allow Asynchronous Clear Signal     ; On                         ; On                         ;
; Pre-Mapping Resynthesis Optimization                             ; Off                        ; Off                        ;
; Analysis & Synthesis Message Level                               ; Medium                     ; Medium                     ;
; Disable Register Merging Across Hierarchies                      ; Auto                       ; Auto                       ;
; Resource Aware Inference For Block RAM                           ; On                         ; On                         ;
+------------------------------------------------------------------+----------------------------+----------------------------+


+------------------------------------------+
; Parallel Compilation                     ;
+----------------------------+-------------+
; Processors                 ; Number      ;
+----------------------------+-------------+
; Number detected on machine ; 16          ;
; Maximum allowed            ; 16          ;
;                            ;             ;
; Average used               ; 1.00        ;
; Maximum used               ; 16          ;
;                            ;             ;
; Usage by Processor         ; % Time Used ;
;     Processor 1            ; 100.0%      ;
;     Processors 2-16        ;   0.0%      ;
+----------------------------+-------------+


+-------------------------------------------------------------------------------------------------------------------------------------------------------------------------+
; Analysis & Synthesis Source Files Read                                                                                                                                  ;
+----------------------------------+-----------------+------------------------+---------------------------------------------------------------------------------+---------+
; File Name with User-Entered Path ; Used in Netlist ; File Type              ; File Name with Absolute Path                                                    ; Library ;
+----------------------------------+-----------------+------------------------+---------------------------------------------------------------------------------+---------+
; Omdazz_Cyclon_IV_RZ401_top.v     ; yes             ; User Verilog HDL File  ; F:/Git/Wersall/classroom/Wersall_Lione/Project_4/Omdazz_Cyclon_IV_RZ401_top.v   ;         ;
; module_sevenseg_dynamic_ctrl.v   ; yes             ; User Verilog HDL File  ; F:/Git/Wersall/classroom/Wersall_Lione/Project_4/module_sevenseg_dynamic_ctrl.v ;         ;
; module_sevenseg_ctrl.v           ; yes             ; User Verilog HDL File  ; F:/Git/Wersall/classroom/Wersall_Lione/Project_4/module_sevenseg_ctrl.v         ;         ;
; module_sensivity_key.v           ; yes             ; User Verilog HDL File  ; F:/Git/Wersall/classroom/Wersall_Lione/Project_4/module_sensivity_key.v         ;         ;
; module_key_ctrl.v                ; yes             ; User Verilog HDL File  ; F:/Git/Wersall/classroom/Wersall_Lione/Project_4/module_key_ctrl.v              ;         ;
; module_invert_ctrl.v             ; yes             ; User Verilog HDL File  ; F:/Git/Wersall/classroom/Wersall_Lione/Project_4/module_invert_ctrl.v           ;         ;
; module_count_3sec_ctrl.v         ; yes             ; User Verilog HDL File  ; F:/Git/Wersall/classroom/Wersall_Lione/Project_4/module_count_3sec_ctrl.v       ;         ;
; module_count1_4bit_ctrl.v        ; yes             ; User Verilog HDL File  ; F:/Git/Wersall/classroom/Wersall_Lione/Project_4/module_count1_4bit_ctrl.v      ;         ;
; module_buzzer_ctrl.v             ; yes             ; User Verilog HDL File  ; F:/Git/Wersall/classroom/Wersall_Lione/Project_4/module_buzzer_ctrl.v           ;         ;
+----------------------------------+-----------------+------------------------+---------------------------------------------------------------------------------+---------+


+--------------------------------------------------------------+
; Analysis & Synthesis Resource Usage Summary                  ;
+---------------------------------------------+----------------+
; Resource                                    ; Usage          ;
+---------------------------------------------+----------------+
; Estimated Total logic elements              ; 293            ;
;                                             ;                ;
; Total combinational functions               ; 280            ;
; Logic element usage by number of LUT inputs ;                ;
;     -- 4 input functions                    ; 69             ;
;     -- 3 input functions                    ; 18             ;
;     -- <=2 input functions                  ; 193            ;
;                                             ;                ;
; Logic elements by mode                      ;                ;
;     -- normal mode                          ; 101            ;
;     -- arithmetic mode                      ; 179            ;
;                                             ;                ;
; Total registers                             ; 207            ;
;     -- Dedicated logic registers            ; 207            ;
;     -- I/O registers                        ; 0              ;
;                                             ;                ;
; I/O pins                                    ; 43             ;
;                                             ;                ;
; Embedded Multiplier 9-bit elements          ; 0              ;
;                                             ;                ;
; Maximum fan-out node                        ; FPGA_CLK~input ;
; Maximum fan-out                             ; 207            ;
; Total fan-out                               ; 1484           ;
; Average fan-out                             ; 2.57           ;
+---------------------------------------------+----------------+


+-----------------------------------------------------------------------------------------------------------------------------------------------------------------------------------------------------------------------------------------------------------------------------------------------+
; Analysis & Synthesis Resource Utilization by Entity                                                                                                                                                                                                                                           ;
+------------------------------------------------+---------------------+---------------------------+-------------+--------------+---------+-----------+------+--------------+-----------------------------------------------------------------------+----------------------------+--------------+
; Compilation Hierarchy Node                     ; Combinational ALUTs ; Dedicated Logic Registers ; Memory Bits ; DSP Elements ; DSP 9x9 ; DSP 18x18 ; Pins ; Virtual Pins ; Full Hierarchy Name                                                   ; Entity Name                ; Library Name ;
+------------------------------------------------+---------------------+---------------------------+-------------+--------------+---------+-----------+------+--------------+-----------------------------------------------------------------------+----------------------------+--------------+
; |Omdazz_Cyclon_IV_RZ401_top                    ; 280 (0)             ; 207 (0)                   ; 0           ; 0            ; 0       ; 0         ; 43   ; 0            ; |Omdazz_Cyclon_IV_RZ401_top                                           ; Omdazz_Cyclon_IV_RZ401_top ; work         ;
;    |buzzer_ctrl:buzzer_inst|                   ; 56 (56)             ; 24 (24)                   ; 0           ; 0            ; 0       ; 0         ; 0    ; 0            ; |Omdazz_Cyclon_IV_RZ401_top|buzzer_ctrl:buzzer_inst                   ; buzzer_ctrl                ; work         ;
;    |count1_4bit_ctrl:count_high_bit_inst|      ; 1 (1)               ; 1 (1)                     ; 0           ; 0            ; 0       ; 0         ; 0    ; 0            ; |Omdazz_Cyclon_IV_RZ401_top|count1_4bit_ctrl:count_high_bit_inst      ; count1_4bit_ctrl           ; work         ;
;    |count1_4bit_ctrl:count_low_bit_inst|       ; 7 (7)               ; 5 (5)                     ; 0           ; 0            ; 0       ; 0         ; 0    ; 0            ; |Omdazz_Cyclon_IV_RZ401_top|count1_4bit_ctrl:count_low_bit_inst       ; count1_4bit_ctrl           ; work         ;
;    |count_3sec_ctrl:count_3sec|                ; 37 (37)             ; 29 (29)                   ; 0           ; 0            ; 0       ; 0         ; 0    ; 0            ; |Omdazz_Cyclon_IV_RZ401_top|count_3sec_ctrl:count_3sec                ; count_3sec_ctrl            ; work         ;
;    |invert_ctrl:invert_high_inst|              ; 1 (1)               ; 1 (1)                     ; 0           ; 0            ; 0       ; 0         ; 0    ; 0            ; |Omdazz_Cyclon_IV_RZ401_top|invert_ctrl:invert_high_inst              ; invert_ctrl                ; work         ;
;    |invert_ctrl:invert_low_inst|               ; 4 (4)               ; 0 (0)                     ; 0           ; 0            ; 0       ; 0         ; 0    ; 0            ; |Omdazz_Cyclon_IV_RZ401_top|invert_ctrl:invert_low_inst               ; invert_ctrl                ; work         ;
;    |key_ctrl:key_add_inst|                     ; 35 (35)             ; 29 (29)                   ; 0           ; 0            ; 0       ; 0         ; 0    ; 0            ; |Omdazz_Cyclon_IV_RZ401_top|key_ctrl:key_add_inst                     ; key_ctrl                   ; work         ;
;    |key_ctrl:key_bzz_inst|                     ; 35 (35)             ; 29 (29)                   ; 0           ; 0            ; 0       ; 0         ; 0    ; 0            ; |Omdazz_Cyclon_IV_RZ401_top|key_ctrl:key_bzz_inst                     ; key_ctrl                   ; work         ;
;    |key_ctrl:key_inv_inst|                     ; 34 (34)             ; 28 (28)                   ; 0           ; 0            ; 0       ; 0         ; 0    ; 0            ; |Omdazz_Cyclon_IV_RZ401_top|key_ctrl:key_inv_inst                     ; key_ctrl                   ; work         ;
;    |key_ctrl:key_minus_inst|                   ; 35 (35)             ; 29 (29)                   ; 0           ; 0            ; 0       ; 0         ; 0    ; 0            ; |Omdazz_Cyclon_IV_RZ401_top|key_ctrl:key_minus_inst                   ; key_ctrl                   ; work         ;
;    |sensivity_key:sensivity_key_inst|          ; 2 (2)               ; 2 (2)                     ; 0           ; 0            ; 0       ; 0         ; 0    ; 0            ; |Omdazz_Cyclon_IV_RZ401_top|sensivity_key:sensivity_key_inst          ; sensivity_key              ; work         ;
;    |sevenseg_dynamic_ctrl:sv_seg_dynamic_inst| ; 33 (33)             ; 30 (30)                   ; 0           ; 0            ; 0       ; 0         ; 0    ; 0            ; |Omdazz_Cyclon_IV_RZ401_top|sevenseg_dynamic_ctrl:sv_seg_dynamic_inst ; sevenseg_dynamic_ctrl      ; work         ;
+------------------------------------------------+---------------------+---------------------------+-------------+--------------+---------+-----------+------+--------------+-----------------------------------------------------------------------+----------------------------+--------------+
Note: For table entries with two numbers listed, the numbers in parentheses indicate the number of resources of the given type used by the specific entity alone. The numbers listed outside of parentheses indicate the total resources of the given type used by the specific entity and all of its sub-entities in the hierarchy.


+--------------------------------------------------------------------------------------------------+
; Registers Removed During Synthesis                                                               ;
+-------------------------------------------------+------------------------------------------------+
; Register name                                   ; Reason for Removal                             ;
+-------------------------------------------------+------------------------------------------------+
; sevenseg_dynamic_ctrl:sv_seg_dynamic_inst|dt    ; Stuck at VCC due to stuck port data_in         ;
; invert_ctrl:invert_low_inst|f_inv               ; Merged with invert_ctrl:invert_high_inst|f_inv ;
; count1_4bit_ctrl:count_high_bit_inst|dout[1..3] ; Lost fanout                                    ;
; Total Number of Removed Registers = 5           ;                                                ;
+-------------------------------------------------+------------------------------------------------+


+-------------------------------------------------------------------------------------------------------------------+
; Removed Registers Triggering Further Register Optimizations                                                       ;
+----------------------------------------------+--------------------+-----------------------------------------------+
; Register name                                ; Reason for Removal ; Registers Removed due to This Register        ;
+----------------------------------------------+--------------------+-----------------------------------------------+
; count1_4bit_ctrl:count_high_bit_inst|dout[2] ; Lost Fanouts       ; count1_4bit_ctrl:count_high_bit_inst|dout[1], ;
;                                              ;                    ; count1_4bit_ctrl:count_high_bit_inst|dout[3]  ;
+----------------------------------------------+--------------------+-----------------------------------------------+


+------------------------------------------------------+
; General Register Statistics                          ;
+----------------------------------------------+-------+
; Statistic                                    ; Value ;
+----------------------------------------------+-------+
; Total registers                              ; 207   ;
; Number of registers using Synchronous Clear  ; 174   ;
; Number of registers using Synchronous Load   ; 3     ;
; Number of registers using Asynchronous Clear ; 0     ;
; Number of registers using Asynchronous Load  ; 0     ;
; Number of registers using Clock Enable       ; 129   ;
; Number of registers using Preset             ; 0     ;
+----------------------------------------------+-------+


+-----------------------------------------------------------------+
; Inverted Register Statistics                                    ;
+-------------------------------------------------------+---------+
; Inverted Register                                     ; Fan out ;
+-------------------------------------------------------+---------+
; sevenseg_dynamic_ctrl:sv_seg_dynamic_inst|en_seg[0]   ; 1       ;
; sevenseg_dynamic_ctrl:sv_seg_dynamic_inst|data_seg[0] ; 4       ;
; Total number of inverted registers = 2                ;         ;
+-------------------------------------------------------+---------+


+---------------------------------------------------------------------------------------------------------------------------------------------------------------------------------+
; Multiplexer Restructuring Statistics (Restructuring Performed)                                                                                                                  ;
+--------------------+-----------+---------------+----------------------+------------------------+------------+-------------------------------------------------------------------+
; Multiplexer Inputs ; Bus Width ; Baseline Area ; Area if Restructured ; Saving if Restructured ; Registered ; Example Multiplexer Output                                        ;
+--------------------+-----------+---------------+----------------------+------------------------+------------+-------------------------------------------------------------------+
; 3:1                ; 28 bits   ; 56 LEs        ; 28 LEs               ; 28 LEs                 ; Yes        ; |Omdazz_Cyclon_IV_RZ401_top|count_3sec_ctrl:count_3sec|cnt3sec[4] ;
; 3:1                ; 24 bits   ; 48 LEs        ; 24 LEs               ; 24 LEs                 ; Yes        ; |Omdazz_Cyclon_IV_RZ401_top|key_ctrl:key_add_inst|key_cnt[3]      ;
; 3:1                ; 24 bits   ; 48 LEs        ; 24 LEs               ; 24 LEs                 ; Yes        ; |Omdazz_Cyclon_IV_RZ401_top|key_ctrl:key_minus_inst|key_cnt[17]   ;
; 3:1                ; 24 bits   ; 48 LEs        ; 24 LEs               ; 24 LEs                 ; Yes        ; |Omdazz_Cyclon_IV_RZ401_top|key_ctrl:key_inv_inst|key_cnt[1]      ;
; 3:1                ; 24 bits   ; 48 LEs        ; 24 LEs               ; 24 LEs                 ; Yes        ; |Omdazz_Cyclon_IV_RZ401_top|key_ctrl:key_bzz_inst|key_cnt[0]      ;
+--------------------+-----------+---------------+----------------------+------------------------+------------+-------------------------------------------------------------------+


+----------------------------------------------------------------------+
; Source assignments for Top-level Entity: |Omdazz_Cyclon_IV_RZ401_top ;
+------------+---------+------+----------------------------------------+
; Assignment ; Value   ; From ; To                                     ;
+------------+---------+------+----------------------------------------+
; LOCATION   ; Pin_88  ; -    ; KEY1                                   ;
; LOCATION   ; Pin_89  ; -    ; KEY2                                   ;
; LOCATION   ; Pin_90  ; -    ; KEY3                                   ;
; LOCATION   ; Pin_91  ; -    ; KEY4                                   ;
; LOCATION   ; Pin_25  ; -    ; RESET_BUT                              ;
; LOCATION   ; Pin_23  ; -    ; FPGA_CLK                               ;
; LOCATION   ; Pin_114 ; -    ; UART_RXD                               ;
; LOCATION   ; Pin_115 ; -    ; UART_TXD                               ;
; LOCATION   ; Pin_112 ; -    ; SCL                                    ;
; LOCATION   ; Pin_113 ; -    ; SDA                                    ;
; LOCATION   ; Pin_84  ; -    ; LED1                                   ;
; LOCATION   ; Pin_85  ; -    ; LED2                                   ;
; LOCATION   ; Pin_86  ; -    ; LED3                                   ;
; LOCATION   ; Pin_87  ; -    ; LED4                                   ;
; LOCATION   ; Pin_99  ; -    ; I2C_SCL                                ;
; LOCATION   ; Pin_98  ; -    ; I2C_SDA                                ;
; LOCATION   ; Pin_110 ; -    ; beep                                   ;
; LOCATION   ; Pin_119 ; -    ; PS_CLOCK                               ;
; LOCATION   ; Pin_120 ; -    ; PS_DATA                                ;
; LOCATION   ; Pin_100 ; -    ; IR                                     ;
; LOCATION   ; Pin_133 ; -    ; DIG_1                                  ;
; LOCATION   ; Pin_135 ; -    ; DIG_2                                  ;
; LOCATION   ; Pin_136 ; -    ; DIG_3                                  ;
; LOCATION   ; Pin_137 ; -    ; DIG_4                                  ;
; LOCATION   ; Pin_128 ; -    ; SEG_0                                  ;
; LOCATION   ; Pin_121 ; -    ; SEG_1                                  ;
; LOCATION   ; Pin_125 ; -    ; SEG_2                                  ;
; LOCATION   ; Pin_129 ; -    ; SEG_3                                  ;
; LOCATION   ; Pin_132 ; -    ; SEG_4                                  ;
; LOCATION   ; Pin_126 ; -    ; SEG_5                                  ;
; LOCATION   ; Pin_124 ; -    ; SEG_6                                  ;
; LOCATION   ; Pin_127 ; -    ; SEG_7                                  ;
; LOCATION   ; Pin_141 ; -    ; LCD1_RS                                ;
; LOCATION   ; Pin_138 ; -    ; LCD2_RW                                ;
; LOCATION   ; Pin_143 ; -    ; LCD3_E                                 ;
; LOCATION   ; Pin_142 ; -    ; LCD4_D0                                ;
; LOCATION   ; Pin_1   ; -    ; LCD5_D1                                ;
; LOCATION   ; Pin_144 ; -    ; LCD6_D2                                ;
; LOCATION   ; Pin_3   ; -    ; LCD7_D3                                ;
; LOCATION   ; Pin_2   ; -    ; LCD8_D4                                ;
; LOCATION   ; Pin_10  ; -    ; LCD9_D5                                ;
; LOCATION   ; Pin_7   ; -    ; LCD10_D6                               ;
; LOCATION   ; Pin_11  ; -    ; LCD11_D7                               ;
+------------+---------+------+----------------------------------------+


+-------------------------------------------------------------------------+
; Parameter Settings for User Entity Instance: count_3sec_ctrl:count_3sec ;
+-----------------+----------------------------------+--------------------+
; Parameter Name  ; Value                            ; Type               ;
+-----------------+----------------------------------+--------------------+
; P_LIMIT_CNT     ; 00001000111100001101000110000000 ; Unsigned Binary    ;
; P_CAPACITY_CNT  ; 28                               ; Signed Integer     ;
; P_SHORT_OR_LONG ; 1                                ; Signed Integer     ;
+-----------------+----------------------------------+--------------------+
Note: In order to hide this table in the UI and the text report file, please set the "Show Parameter Settings in Synthesis Report" option in "Analysis and Synthesis Settings -> More Settings" to "Off".


+--------------------------------------------------------------------------------------------+
; Parameter Settings for User Entity Instance: count_3sec_ctrl:count_long_strobe_music_sheet ;
+-----------------+----------------------------------+---------------------------------------+
; Parameter Name  ; Value                            ; Type                                  ;
+-----------------+----------------------------------+---------------------------------------+
; P_LIMIT_CNT     ; 00001000111100001101000110000000 ; Unsigned Binary                       ;
; P_CAPACITY_CNT  ; 28                               ; Signed Integer                        ;
; P_SHORT_OR_LONG ; 0                                ; Signed Integer                        ;
+-----------------+----------------------------------+---------------------------------------+
Note: In order to hide this table in the UI and the text report file, please set the "Show Parameter Settings in Synthesis Report" option in "Analysis and Synthesis Settings -> More Settings" to "Off".


+----------------------------------------------------------------------------------------------------------------------+
; Port Connectivity Checks: "count_3sec_ctrl:count_long_strobe_music_sheet"                                            ;
+------------+--------+----------+-------------------------------------------------------------------------------------+
; Port       ; Type   ; Severity ; Details                                                                             ;
+------------+--------+----------+-------------------------------------------------------------------------------------+
; f_cnt_3sec ; Output ; Info     ; Connected to dangling logic. Logic that only feeds a dangling port will be removed. ;
+------------+--------+----------+-------------------------------------------------------------------------------------+


+------------------------------------------------------------------------------------------------------------------------------------------------------------------------+
; Port Connectivity Checks: "sevenseg_ctrl:sevenseg_inst"                                                                                                                ;
+------+-------+----------+----------------------------------------------------------------------------------------------------------------------------------------------+
; Port ; Type  ; Severity ; Details                                                                                                                                      ;
+------+-------+----------+----------------------------------------------------------------------------------------------------------------------------------------------+
; data ; Input ; Warning  ; Input port expression (1 bits) is smaller than the input port (4 bits) it drives.  Extra input bit(s) "data[3..1]" will be connected to GND. ;
+------+-------+----------+----------------------------------------------------------------------------------------------------------------------------------------------+


+------------------------------------------------------------------------------------------------------------------------------------------------------------------------------+
; Port Connectivity Checks: "sevenseg_dynamic_ctrl:sv_seg_dynamic_inst"                                                                                                        ;
+----------+--------+----------+-----------------------------------------------------------------------------------------------------------------------------------------------+
; Port     ; Type   ; Severity ; Details                                                                                                                                       ;
+----------+--------+----------+-----------------------------------------------------------------------------------------------------------------------------------------------+
; data1    ; Input  ; Warning  ; Input port expression (1 bits) is smaller than the input port (4 bits) it drives.  Extra input bit(s) "data1[3..1]" will be connected to GND. ;
; data_seg ; Output ; Warning  ; Output or bidir port (4 bits) is wider than the port expression (1 bits) it drives; bit(s) "data_seg[3..1]" have no fanouts                   ;
+----------+--------+----------+-----------------------------------------------------------------------------------------------------------------------------------------------+


+-----------------------------------------------------------------------------------------------------------------------------------------------------------------------------+
; Port Connectivity Checks: "invert_ctrl:invert_high_inst"                                                                                                                    ;
+----------+--------+----------+----------------------------------------------------------------------------------------------------------------------------------------------+
; Port     ; Type   ; Severity ; Details                                                                                                                                      ;
+----------+--------+----------+----------------------------------------------------------------------------------------------------------------------------------------------+
; data     ; Input  ; Warning  ; Input port expression (1 bits) is smaller than the input port (4 bits) it drives.  Extra input bit(s) "data[3..1]" will be connected to GND. ;
; inv_data ; Output ; Warning  ; Output or bidir port (4 bits) is wider than the port expression (1 bits) it drives; bit(s) "inv_data[3..1]" have no fanouts                  ;
+----------+--------+----------+----------------------------------------------------------------------------------------------------------------------------------------------+


+----------------------------------------------------------------------------------------------------------------------------------------------------------+
; Port Connectivity Checks: "count1_4bit_ctrl:count_high_bit_inst"                                                                                         ;
+------------+--------+----------+-------------------------------------------------------------------------------------------------------------------------+
; Port       ; Type   ; Severity ; Details                                                                                                                 ;
+------------+--------+----------+-------------------------------------------------------------------------------------------------------------------------+
; f_overflow ; Output ; Info     ; Explicitly unconnected                                                                                                  ;
; dout       ; Output ; Warning  ; Output or bidir port (4 bits) is wider than the port expression (1 bits) it drives; bit(s) "dout[3..1]" have no fanouts ;
+------------+--------+----------+-------------------------------------------------------------------------------------------------------------------------+


+---------------------------------------------------------+
; Port Connectivity Checks: "key_ctrl:key_inv_inst"       ;
+------------+--------+----------+------------------------+
; Port       ; Type   ; Severity ; Details                ;
+------------+--------+----------+------------------------+
; f_key_down ; Output ; Info     ; Explicitly unconnected ;
; f_key_up   ; Output ; Info     ; Explicitly unconnected ;
+------------+--------+----------+------------------------+


+---------------------------------------------------------+
; Port Connectivity Checks: "key_ctrl:key_bzz_inst"       ;
+------------+--------+----------+------------------------+
; Port       ; Type   ; Severity ; Details                ;
+------------+--------+----------+------------------------+
; f_key_down ; Output ; Info     ; Explicitly unconnected ;
; f_key_en1  ; Output ; Info     ; Explicitly unconnected ;
+------------+--------+----------+------------------------+


+---------------------------------------------------------+
; Port Connectivity Checks: "key_ctrl:key_minus_inst"     ;
+------------+--------+----------+------------------------+
; Port       ; Type   ; Severity ; Details                ;
+------------+--------+----------+------------------------+
; f_key_down ; Output ; Info     ; Explicitly unconnected ;
; f_key_en1  ; Output ; Info     ; Explicitly unconnected ;
+------------+--------+----------+------------------------+


+---------------------------------------------------------+
; Port Connectivity Checks: "key_ctrl:key_add_inst"       ;
+------------+--------+----------+------------------------+
; Port       ; Type   ; Severity ; Details                ;
+------------+--------+----------+------------------------+
; f_key_down ; Output ; Info     ; Explicitly unconnected ;
; f_key_en1  ; Output ; Info     ; Explicitly unconnected ;
+------------+--------+----------+------------------------+


+-----------------------------------------------------+
; Post-Synthesis Netlist Statistics for Top Partition ;
+-----------------------+-----------------------------+
; Type                  ; Count                       ;
+-----------------------+-----------------------------+
; boundary_port         ; 43                          ;
; cycloneiii_ff         ; 207                         ;
;     ENA               ; 2                           ;
;     ENA SCLR          ; 124                         ;
;     ENA SLD           ; 3                           ;
;     SCLR              ; 50                          ;
;     plain             ; 28                          ;
; cycloneiii_io_obuf    ; 4                           ;
; cycloneiii_lcell_comb ; 284                         ;
;     arith             ; 179                         ;
;         2 data inputs ; 163                         ;
;         3 data inputs ; 16                          ;
;     normal            ; 105                         ;
;         0 data inputs ; 2                           ;
;         1 data inputs ; 15                          ;
;         2 data inputs ; 17                          ;
;         3 data inputs ; 2                           ;
;         4 data inputs ; 69                          ;
;                       ;                             ;
; Max LUT depth         ; 6.40                        ;
; Average LUT depth     ; 2.86                        ;
+-----------------------+-----------------------------+


+-------------------------------+
; Elapsed Time Per Partition    ;
+----------------+--------------+
; Partition Name ; Elapsed Time ;
+----------------+--------------+
; Top            ; 00:00:00     ;
+----------------+--------------+


+-------------------------------+
; Analysis & Synthesis Messages ;
+-------------------------------+
Info: *******************************************************************
Info: Running Quartus Prime Analysis & Synthesis
    Info: Version 22.1std.0 Build 915 10/25/2022 SC Standard Edition
    Info: Processing started: Wed Feb 26 21:59:54 2025
Info: Command: quartus_map --read_settings_files=on --write_settings_files=off Omdazz_Cyclon_IV_RZ401_top -c Omdazz_Cyclon_IV_RZ401_top
Warning (18236): Number of processors has not been specified which may cause overloading on shared machines.  Set the global assignment NUM_PARALLEL_PROCESSORS in your QSF to an appropriate value for best performance.
Info (20030): Parallel compilation is enabled and will use 16 of the 16 processors detected
Info (12021): Found 1 design units, including 1 entities, in source file omdazz_cyclon_iv_rz401_top.v
    Info (12023): Found entity 1: Omdazz_Cyclon_IV_RZ401_top File: F:/Git/Wersall/classroom/Wersall_Lione/Project_4/Omdazz_Cyclon_IV_RZ401_top.v Line: 1
Info (12021): Found 1 design units, including 1 entities, in source file module_sevenseg_dynamic_ctrl.v
    Info (12023): Found entity 1: sevenseg_dynamic_ctrl File: F:/Git/Wersall/classroom/Wersall_Lione/Project_4/module_sevenseg_dynamic_ctrl.v Line: 1
Info (12021): Found 1 design units, including 1 entities, in source file module_sevenseg_ctrl.v
    Info (12023): Found entity 1: sevenseg_ctrl File: F:/Git/Wersall/classroom/Wersall_Lione/Project_4/module_sevenseg_ctrl.v Line: 1
Info (12021): Found 1 design units, including 1 entities, in source file module_sensivity_key.v
    Info (12023): Found entity 1: sensivity_key File: F:/Git/Wersall/classroom/Wersall_Lione/Project_4/module_sensivity_key.v Line: 1
Info (12021): Found 1 design units, including 1 entities, in source file module_key_ctrl.v
    Info (12023): Found entity 1: key_ctrl File: F:/Git/Wersall/classroom/Wersall_Lione/Project_4/module_key_ctrl.v Line: 1
Info (12021): Found 1 design units, including 1 entities, in source file module_invert_ctrl.v
    Info (12023): Found entity 1: invert_ctrl File: F:/Git/Wersall/classroom/Wersall_Lione/Project_4/module_invert_ctrl.v Line: 1
Info (12021): Found 1 design units, including 1 entities, in source file module_count_3sec_ctrl.v
    Info (12023): Found entity 1: count_3sec_ctrl File: F:/Git/Wersall/classroom/Wersall_Lione/Project_4/module_count_3sec_ctrl.v Line: 1
Info (12021): Found 1 design units, including 1 entities, in source file module_count1_4bit_ctrl.v
    Info (12023): Found entity 1: count1_4bit_ctrl File: F:/Git/Wersall/classroom/Wersall_Lione/Project_4/module_count1_4bit_ctrl.v Line: 1
Info (12021): Found 1 design units, including 1 entities, in source file module_buzzer_ctrl.v
    Info (12023): Found entity 1: buzzer_ctrl File: F:/Git/Wersall/classroom/Wersall_Lione/Project_4/module_buzzer_ctrl.v Line: 1
Warning (10236): Verilog HDL Implicit Net warning at Omdazz_Cyclon_IV_RZ401_top.v(146): created implicit net for "VGA_HSYNC" File: F:/Git/Wersall/classroom/Wersall_Lione/Project_4/Omdazz_Cyclon_IV_RZ401_top.v Line: 146
Warning (10236): Verilog HDL Implicit Net warning at Omdazz_Cyclon_IV_RZ401_top.v(147): created implicit net for "VGA_VSYNC" File: F:/Git/Wersall/classroom/Wersall_Lione/Project_4/Omdazz_Cyclon_IV_RZ401_top.v Line: 147
Warning (10236): Verilog HDL Implicit Net warning at Omdazz_Cyclon_IV_RZ401_top.v(148): created implicit net for "ASDO_EPCS4" File: F:/Git/Wersall/classroom/Wersall_Lione/Project_4/Omdazz_Cyclon_IV_RZ401_top.v Line: 148
Warning (10236): Verilog HDL Implicit Net warning at Omdazz_Cyclon_IV_RZ401_top.v(149): created implicit net for "nCSO_EPCS4" File: F:/Git/Wersall/classroom/Wersall_Lione/Project_4/Omdazz_Cyclon_IV_RZ401_top.v Line: 149
Warning (10236): Verilog HDL Implicit Net warning at Omdazz_Cyclon_IV_RZ401_top.v(151): created implicit net for "DCLK_EPCS4" File: F:/Git/Wersall/classroom/Wersall_Lione/Project_4/Omdazz_Cyclon_IV_RZ401_top.v Line: 151
Warning (10236): Verilog HDL Implicit Net warning at Omdazz_Cyclon_IV_RZ401_top.v(153): created implicit net for "VGA_G" File: F:/Git/Wersall/classroom/Wersall_Lione/Project_4/Omdazz_Cyclon_IV_RZ401_top.v Line: 153
Warning (10236): Verilog HDL Implicit Net warning at Omdazz_Cyclon_IV_RZ401_top.v(153): created implicit net for "VGA_R" File: F:/Git/Wersall/classroom/Wersall_Lione/Project_4/Omdazz_Cyclon_IV_RZ401_top.v Line: 153
Warning (10236): Verilog HDL Implicit Net warning at Omdazz_Cyclon_IV_RZ401_top.v(155): created implicit net for "S_DQ0" File: F:/Git/Wersall/classroom/Wersall_Lione/Project_4/Omdazz_Cyclon_IV_RZ401_top.v Line: 155
Warning (10236): Verilog HDL Implicit Net warning at Omdazz_Cyclon_IV_RZ401_top.v(155): created implicit net for "S_DQ1" File: F:/Git/Wersall/classroom/Wersall_Lione/Project_4/Omdazz_Cyclon_IV_RZ401_top.v Line: 155
Warning (10236): Verilog HDL Implicit Net warning at Omdazz_Cyclon_IV_RZ401_top.v(155): created implicit net for "S_DQ2" File: F:/Git/Wersall/classroom/Wersall_Lione/Project_4/Omdazz_Cyclon_IV_RZ401_top.v Line: 155
Warning (10236): Verilog HDL Implicit Net warning at Omdazz_Cyclon_IV_RZ401_top.v(155): created implicit net for "S_DQ3" File: F:/Git/Wersall/classroom/Wersall_Lione/Project_4/Omdazz_Cyclon_IV_RZ401_top.v Line: 155
Warning (10236): Verilog HDL Implicit Net warning at Omdazz_Cyclon_IV_RZ401_top.v(155): created implicit net for "S_DQ4" File: F:/Git/Wersall/classroom/Wersall_Lione/Project_4/Omdazz_Cyclon_IV_RZ401_top.v Line: 155
Warning (10236): Verilog HDL Implicit Net warning at Omdazz_Cyclon_IV_RZ401_top.v(155): created implicit net for "S_DQ5" File: F:/Git/Wersall/classroom/Wersall_Lione/Project_4/Omdazz_Cyclon_IV_RZ401_top.v Line: 155
Warning (10236): Verilog HDL Implicit Net warning at Omdazz_Cyclon_IV_RZ401_top.v(155): created implicit net for "S_DQ6" File: F:/Git/Wersall/classroom/Wersall_Lione/Project_4/Omdazz_Cyclon_IV_RZ401_top.v Line: 155
Warning (10236): Verilog HDL Implicit Net warning at Omdazz_Cyclon_IV_RZ401_top.v(155): created implicit net for "S_DQ7" File: F:/Git/Wersall/classroom/Wersall_Lione/Project_4/Omdazz_Cyclon_IV_RZ401_top.v Line: 155
Warning (10236): Verilog HDL Implicit Net warning at Omdazz_Cyclon_IV_RZ401_top.v(156): created implicit net for "S_DQ8" File: F:/Git/Wersall/classroom/Wersall_Lione/Project_4/Omdazz_Cyclon_IV_RZ401_top.v Line: 156
Warning (10236): Verilog HDL Implicit Net warning at Omdazz_Cyclon_IV_RZ401_top.v(156): created implicit net for "S_DQ9" File: F:/Git/Wersall/classroom/Wersall_Lione/Project_4/Omdazz_Cyclon_IV_RZ401_top.v Line: 156
Warning (10236): Verilog HDL Implicit Net warning at Omdazz_Cyclon_IV_RZ401_top.v(156): created implicit net for "S_DQ10" File: F:/Git/Wersall/classroom/Wersall_Lione/Project_4/Omdazz_Cyclon_IV_RZ401_top.v Line: 156
Warning (10236): Verilog HDL Implicit Net warning at Omdazz_Cyclon_IV_RZ401_top.v(156): created implicit net for "S_DQ11" File: F:/Git/Wersall/classroom/Wersall_Lione/Project_4/Omdazz_Cyclon_IV_RZ401_top.v Line: 156
Warning (10236): Verilog HDL Implicit Net warning at Omdazz_Cyclon_IV_RZ401_top.v(156): created implicit net for "S_DQ12" File: F:/Git/Wersall/classroom/Wersall_Lione/Project_4/Omdazz_Cyclon_IV_RZ401_top.v Line: 156
Warning (10236): Verilog HDL Implicit Net warning at Omdazz_Cyclon_IV_RZ401_top.v(156): created implicit net for "S_DQ13" File: F:/Git/Wersall/classroom/Wersall_Lione/Project_4/Omdazz_Cyclon_IV_RZ401_top.v Line: 156
Warning (10236): Verilog HDL Implicit Net warning at Omdazz_Cyclon_IV_RZ401_top.v(156): created implicit net for "S_DQ14" File: F:/Git/Wersall/classroom/Wersall_Lione/Project_4/Omdazz_Cyclon_IV_RZ401_top.v Line: 156
Warning (10236): Verilog HDL Implicit Net warning at Omdazz_Cyclon_IV_RZ401_top.v(156): created implicit net for "S_DQ15" File: F:/Git/Wersall/classroom/Wersall_Lione/Project_4/Omdazz_Cyclon_IV_RZ401_top.v Line: 156
Warning (10236): Verilog HDL Implicit Net warning at Omdazz_Cyclon_IV_RZ401_top.v(156): created implicit net for "S_A0" File: F:/Git/Wersall/classroom/Wersall_Lione/Project_4/Omdazz_Cyclon_IV_RZ401_top.v Line: 156
Warning (10236): Verilog HDL Implicit Net warning at Omdazz_Cyclon_IV_RZ401_top.v(156): created implicit net for "S_A1" File: F:/Git/Wersall/classroom/Wersall_Lione/Project_4/Omdazz_Cyclon_IV_RZ401_top.v Line: 156
Warning (10236): Verilog HDL Implicit Net warning at Omdazz_Cyclon_IV_RZ401_top.v(156): created implicit net for "S_A2" File: F:/Git/Wersall/classroom/Wersall_Lione/Project_4/Omdazz_Cyclon_IV_RZ401_top.v Line: 156
Warning (10236): Verilog HDL Implicit Net warning at Omdazz_Cyclon_IV_RZ401_top.v(156): created implicit net for "S_A3" File: F:/Git/Wersall/classroom/Wersall_Lione/Project_4/Omdazz_Cyclon_IV_RZ401_top.v Line: 156
Warning (10236): Verilog HDL Implicit Net warning at Omdazz_Cyclon_IV_RZ401_top.v(156): created implicit net for "S_A4" File: F:/Git/Wersall/classroom/Wersall_Lione/Project_4/Omdazz_Cyclon_IV_RZ401_top.v Line: 156
Warning (10236): Verilog HDL Implicit Net warning at Omdazz_Cyclon_IV_RZ401_top.v(157): created implicit net for "S_A5" File: F:/Git/Wersall/classroom/Wersall_Lione/Project_4/Omdazz_Cyclon_IV_RZ401_top.v Line: 157
Warning (10236): Verilog HDL Implicit Net warning at Omdazz_Cyclon_IV_RZ401_top.v(157): created implicit net for "S_A6" File: F:/Git/Wersall/classroom/Wersall_Lione/Project_4/Omdazz_Cyclon_IV_RZ401_top.v Line: 157
Warning (10236): Verilog HDL Implicit Net warning at Omdazz_Cyclon_IV_RZ401_top.v(157): created implicit net for "S_A7" File: F:/Git/Wersall/classroom/Wersall_Lione/Project_4/Omdazz_Cyclon_IV_RZ401_top.v Line: 157
Warning (10236): Verilog HDL Implicit Net warning at Omdazz_Cyclon_IV_RZ401_top.v(157): created implicit net for "S_A8" File: F:/Git/Wersall/classroom/Wersall_Lione/Project_4/Omdazz_Cyclon_IV_RZ401_top.v Line: 157
Warning (10236): Verilog HDL Implicit Net warning at Omdazz_Cyclon_IV_RZ401_top.v(157): created implicit net for "S_A9" File: F:/Git/Wersall/classroom/Wersall_Lione/Project_4/Omdazz_Cyclon_IV_RZ401_top.v Line: 157
Warning (10236): Verilog HDL Implicit Net warning at Omdazz_Cyclon_IV_RZ401_top.v(157): created implicit net for "S_A10" File: F:/Git/Wersall/classroom/Wersall_Lione/Project_4/Omdazz_Cyclon_IV_RZ401_top.v Line: 157
Warning (10236): Verilog HDL Implicit Net warning at Omdazz_Cyclon_IV_RZ401_top.v(157): created implicit net for "S_A11" File: F:/Git/Wersall/classroom/Wersall_Lione/Project_4/Omdazz_Cyclon_IV_RZ401_top.v Line: 157
Warning (10236): Verilog HDL Implicit Net warning at Omdazz_Cyclon_IV_RZ401_top.v(157): created implicit net for "SD_BS0" File: F:/Git/Wersall/classroom/Wersall_Lione/Project_4/Omdazz_Cyclon_IV_RZ401_top.v Line: 157
Warning (10236): Verilog HDL Implicit Net warning at Omdazz_Cyclon_IV_RZ401_top.v(157): created implicit net for "SD_BS1" File: F:/Git/Wersall/classroom/Wersall_Lione/Project_4/Omdazz_Cyclon_IV_RZ401_top.v Line: 157
Warning (10236): Verilog HDL Implicit Net warning at Omdazz_Cyclon_IV_RZ401_top.v(157): created implicit net for "SD_LDQM" File: F:/Git/Wersall/classroom/Wersall_Lione/Project_4/Omdazz_Cyclon_IV_RZ401_top.v Line: 157
Warning (10236): Verilog HDL Implicit Net warning at Omdazz_Cyclon_IV_RZ401_top.v(157): created implicit net for "SD_UDQM" File: F:/Git/Wersall/classroom/Wersall_Lione/Project_4/Omdazz_Cyclon_IV_RZ401_top.v Line: 157
Warning (10236): Verilog HDL Implicit Net warning at Omdazz_Cyclon_IV_RZ401_top.v(157): created implicit net for "SD_CKE" File: F:/Git/Wersall/classroom/Wersall_Lione/Project_4/Omdazz_Cyclon_IV_RZ401_top.v Line: 157
Warning (10236): Verilog HDL Implicit Net warning at Omdazz_Cyclon_IV_RZ401_top.v(158): created implicit net for "SD_CLK" File: F:/Git/Wersall/classroom/Wersall_Lione/Project_4/Omdazz_Cyclon_IV_RZ401_top.v Line: 158
Warning (10236): Verilog HDL Implicit Net warning at Omdazz_Cyclon_IV_RZ401_top.v(158): created implicit net for "SD_CS" File: F:/Git/Wersall/classroom/Wersall_Lione/Project_4/Omdazz_Cyclon_IV_RZ401_top.v Line: 158
Warning (10236): Verilog HDL Implicit Net warning at Omdazz_Cyclon_IV_RZ401_top.v(158): created implicit net for "SD_WE" File: F:/Git/Wersall/classroom/Wersall_Lione/Project_4/Omdazz_Cyclon_IV_RZ401_top.v Line: 158
Warning (10236): Verilog HDL Implicit Net warning at Omdazz_Cyclon_IV_RZ401_top.v(158): created implicit net for "SD_RAS" File: F:/Git/Wersall/classroom/Wersall_Lione/Project_4/Omdazz_Cyclon_IV_RZ401_top.v Line: 158
Warning (10236): Verilog HDL Implicit Net warning at Omdazz_Cyclon_IV_RZ401_top.v(158): created implicit net for "SD_CAS" File: F:/Git/Wersall/classroom/Wersall_Lione/Project_4/Omdazz_Cyclon_IV_RZ401_top.v Line: 158
Info (12127): Elaborating entity "Omdazz_Cyclon_IV_RZ401_top" for the top level hierarchy
Warning (10036): Verilog HDL or VHDL warning at Omdazz_Cyclon_IV_RZ401_top.v(146): object "VGA_HSYNC" assigned a value but never read File: F:/Git/Wersall/classroom/Wersall_Lione/Project_4/Omdazz_Cyclon_IV_RZ401_top.v Line: 146
Warning (10036): Verilog HDL or VHDL warning at Omdazz_Cyclon_IV_RZ401_top.v(147): object "VGA_VSYNC" assigned a value but never read File: F:/Git/Wersall/classroom/Wersall_Lione/Project_4/Omdazz_Cyclon_IV_RZ401_top.v Line: 147
Warning (10036): Verilog HDL or VHDL warning at Omdazz_Cyclon_IV_RZ401_top.v(148): object "ASDO_EPCS4" assigned a value but never read File: F:/Git/Wersall/classroom/Wersall_Lione/Project_4/Omdazz_Cyclon_IV_RZ401_top.v Line: 148
Warning (10036): Verilog HDL or VHDL warning at Omdazz_Cyclon_IV_RZ401_top.v(149): object "nCSO_EPCS4" assigned a value but never read File: F:/Git/Wersall/classroom/Wersall_Lione/Project_4/Omdazz_Cyclon_IV_RZ401_top.v Line: 149
Warning (10036): Verilog HDL or VHDL warning at Omdazz_Cyclon_IV_RZ401_top.v(151): object "DCLK_EPCS4" assigned a value but never read File: F:/Git/Wersall/classroom/Wersall_Lione/Project_4/Omdazz_Cyclon_IV_RZ401_top.v Line: 151
Warning (10036): Verilog HDL or VHDL warning at Omdazz_Cyclon_IV_RZ401_top.v(153): object "VGA_G" assigned a value but never read File: F:/Git/Wersall/classroom/Wersall_Lione/Project_4/Omdazz_Cyclon_IV_RZ401_top.v Line: 153
Warning (10036): Verilog HDL or VHDL warning at Omdazz_Cyclon_IV_RZ401_top.v(153): object "VGA_R" assigned a value but never read File: F:/Git/Wersall/classroom/Wersall_Lione/Project_4/Omdazz_Cyclon_IV_RZ401_top.v Line: 153
Warning (10036): Verilog HDL or VHDL warning at Omdazz_Cyclon_IV_RZ401_top.v(155): object "S_DQ0" assigned a value but never read File: F:/Git/Wersall/classroom/Wersall_Lione/Project_4/Omdazz_Cyclon_IV_RZ401_top.v Line: 155
Warning (10036): Verilog HDL or VHDL warning at Omdazz_Cyclon_IV_RZ401_top.v(155): object "S_DQ1" assigned a value but never read File: F:/Git/Wersall/classroom/Wersall_Lione/Project_4/Omdazz_Cyclon_IV_RZ401_top.v Line: 155
Warning (10036): Verilog HDL or VHDL warning at Omdazz_Cyclon_IV_RZ401_top.v(155): object "S_DQ2" assigned a value but never read File: F:/Git/Wersall/classroom/Wersall_Lione/Project_4/Omdazz_Cyclon_IV_RZ401_top.v Line: 155
Warning (10036): Verilog HDL or VHDL warning at Omdazz_Cyclon_IV_RZ401_top.v(155): object "S_DQ3" assigned a value but never read File: F:/Git/Wersall/classroom/Wersall_Lione/Project_4/Omdazz_Cyclon_IV_RZ401_top.v Line: 155
Warning (10036): Verilog HDL or VHDL warning at Omdazz_Cyclon_IV_RZ401_top.v(155): object "S_DQ4" assigned a value but never read File: F:/Git/Wersall/classroom/Wersall_Lione/Project_4/Omdazz_Cyclon_IV_RZ401_top.v Line: 155
Warning (10036): Verilog HDL or VHDL warning at Omdazz_Cyclon_IV_RZ401_top.v(155): object "S_DQ5" assigned a value but never read File: F:/Git/Wersall/classroom/Wersall_Lione/Project_4/Omdazz_Cyclon_IV_RZ401_top.v Line: 155
Warning (10036): Verilog HDL or VHDL warning at Omdazz_Cyclon_IV_RZ401_top.v(155): object "S_DQ6" assigned a value but never read File: F:/Git/Wersall/classroom/Wersall_Lione/Project_4/Omdazz_Cyclon_IV_RZ401_top.v Line: 155
Warning (10036): Verilog HDL or VHDL warning at Omdazz_Cyclon_IV_RZ401_top.v(155): object "S_DQ7" assigned a value but never read File: F:/Git/Wersall/classroom/Wersall_Lione/Project_4/Omdazz_Cyclon_IV_RZ401_top.v Line: 155
Warning (10036): Verilog HDL or VHDL warning at Omdazz_Cyclon_IV_RZ401_top.v(156): object "S_DQ8" assigned a value but never read File: F:/Git/Wersall/classroom/Wersall_Lione/Project_4/Omdazz_Cyclon_IV_RZ401_top.v Line: 156
Warning (10036): Verilog HDL or VHDL warning at Omdazz_Cyclon_IV_RZ401_top.v(156): object "S_DQ9" assigned a value but never read File: F:/Git/Wersall/classroom/Wersall_Lione/Project_4/Omdazz_Cyclon_IV_RZ401_top.v Line: 156
Warning (10036): Verilog HDL or VHDL warning at Omdazz_Cyclon_IV_RZ401_top.v(156): object "S_DQ10" assigned a value but never read File: F:/Git/Wersall/classroom/Wersall_Lione/Project_4/Omdazz_Cyclon_IV_RZ401_top.v Line: 156
Warning (10036): Verilog HDL or VHDL warning at Omdazz_Cyclon_IV_RZ401_top.v(156): object "S_DQ11" assigned a value but never read File: F:/Git/Wersall/classroom/Wersall_Lione/Project_4/Omdazz_Cyclon_IV_RZ401_top.v Line: 156
Warning (10036): Verilog HDL or VHDL warning at Omdazz_Cyclon_IV_RZ401_top.v(156): object "S_DQ12" assigned a value but never read File: F:/Git/Wersall/classroom/Wersall_Lione/Project_4/Omdazz_Cyclon_IV_RZ401_top.v Line: 156
Warning (10036): Verilog HDL or VHDL warning at Omdazz_Cyclon_IV_RZ401_top.v(156): object "S_DQ13" assigned a value but never read File: F:/Git/Wersall/classroom/Wersall_Lione/Project_4/Omdazz_Cyclon_IV_RZ401_top.v Line: 156
Warning (10036): Verilog HDL or VHDL warning at Omdazz_Cyclon_IV_RZ401_top.v(156): object "S_DQ14" assigned a value but never read File: F:/Git/Wersall/classroom/Wersall_Lione/Project_4/Omdazz_Cyclon_IV_RZ401_top.v Line: 156
Warning (10036): Verilog HDL or VHDL warning at Omdazz_Cyclon_IV_RZ401_top.v(156): object "S_DQ15" assigned a value but never read File: F:/Git/Wersall/classroom/Wersall_Lione/Project_4/Omdazz_Cyclon_IV_RZ401_top.v Line: 156
Warning (10036): Verilog HDL or VHDL warning at Omdazz_Cyclon_IV_RZ401_top.v(156): object "S_A0" assigned a value but never read File: F:/Git/Wersall/classroom/Wersall_Lione/Project_4/Omdazz_Cyclon_IV_RZ401_top.v Line: 156
Warning (10036): Verilog HDL or VHDL warning at Omdazz_Cyclon_IV_RZ401_top.v(156): object "S_A1" assigned a value but never read File: F:/Git/Wersall/classroom/Wersall_Lione/Project_4/Omdazz_Cyclon_IV_RZ401_top.v Line: 156
Warning (10036): Verilog HDL or VHDL warning at Omdazz_Cyclon_IV_RZ401_top.v(156): object "S_A2" assigned a value but never read File: F:/Git/Wersall/classroom/Wersall_Lione/Project_4/Omdazz_Cyclon_IV_RZ401_top.v Line: 156
Warning (10036): Verilog HDL or VHDL warning at Omdazz_Cyclon_IV_RZ401_top.v(156): object "S_A3" assigned a value but never read File: F:/Git/Wersall/classroom/Wersall_Lione/Project_4/Omdazz_Cyclon_IV_RZ401_top.v Line: 156
Warning (10036): Verilog HDL or VHDL warning at Omdazz_Cyclon_IV_RZ401_top.v(156): object "S_A4" assigned a value but never read File: F:/Git/Wersall/classroom/Wersall_Lione/Project_4/Omdazz_Cyclon_IV_RZ401_top.v Line: 156
Warning (10036): Verilog HDL or VHDL warning at Omdazz_Cyclon_IV_RZ401_top.v(157): object "S_A5" assigned a value but never read File: F:/Git/Wersall/classroom/Wersall_Lione/Project_4/Omdazz_Cyclon_IV_RZ401_top.v Line: 157
Warning (10036): Verilog HDL or VHDL warning at Omdazz_Cyclon_IV_RZ401_top.v(157): object "S_A6" assigned a value but never read File: F:/Git/Wersall/classroom/Wersall_Lione/Project_4/Omdazz_Cyclon_IV_RZ401_top.v Line: 157
Warning (10036): Verilog HDL or VHDL warning at Omdazz_Cyclon_IV_RZ401_top.v(157): object "S_A7" assigned a value but never read File: F:/Git/Wersall/classroom/Wersall_Lione/Project_4/Omdazz_Cyclon_IV_RZ401_top.v Line: 157
Warning (10036): Verilog HDL or VHDL warning at Omdazz_Cyclon_IV_RZ401_top.v(157): object "S_A8" assigned a value but never read File: F:/Git/Wersall/classroom/Wersall_Lione/Project_4/Omdazz_Cyclon_IV_RZ401_top.v Line: 157
Warning (10036): Verilog HDL or VHDL warning at Omdazz_Cyclon_IV_RZ401_top.v(157): object "S_A9" assigned a value but never read File: F:/Git/Wersall/classroom/Wersall_Lione/Project_4/Omdazz_Cyclon_IV_RZ401_top.v Line: 157
Warning (10036): Verilog HDL or VHDL warning at Omdazz_Cyclon_IV_RZ401_top.v(157): object "S_A10" assigned a value but never read File: F:/Git/Wersall/classroom/Wersall_Lione/Project_4/Omdazz_Cyclon_IV_RZ401_top.v Line: 157
Warning (10036): Verilog HDL or VHDL warning at Omdazz_Cyclon_IV_RZ401_top.v(157): object "S_A11" assigned a value but never read File: F:/Git/Wersall/classroom/Wersall_Lione/Project_4/Omdazz_Cyclon_IV_RZ401_top.v Line: 157
Warning (10036): Verilog HDL or VHDL warning at Omdazz_Cyclon_IV_RZ401_top.v(157): object "SD_BS0" assigned a value but never read File: F:/Git/Wersall/classroom/Wersall_Lione/Project_4/Omdazz_Cyclon_IV_RZ401_top.v Line: 157
Warning (10036): Verilog HDL or VHDL warning at Omdazz_Cyclon_IV_RZ401_top.v(157): object "SD_BS1" assigned a value but never read File: F:/Git/Wersall/classroom/Wersall_Lione/Project_4/Omdazz_Cyclon_IV_RZ401_top.v Line: 157
Warning (10036): Verilog HDL or VHDL warning at Omdazz_Cyclon_IV_RZ401_top.v(157): object "SD_LDQM" assigned a value but never read File: F:/Git/Wersall/classroom/Wersall_Lione/Project_4/Omdazz_Cyclon_IV_RZ401_top.v Line: 157
Warning (10036): Verilog HDL or VHDL warning at Omdazz_Cyclon_IV_RZ401_top.v(157): object "SD_UDQM" assigned a value but never read File: F:/Git/Wersall/classroom/Wersall_Lione/Project_4/Omdazz_Cyclon_IV_RZ401_top.v Line: 157
Warning (10036): Verilog HDL or VHDL warning at Omdazz_Cyclon_IV_RZ401_top.v(157): object "SD_CKE" assigned a value but never read File: F:/Git/Wersall/classroom/Wersall_Lione/Project_4/Omdazz_Cyclon_IV_RZ401_top.v Line: 157
Warning (10036): Verilog HDL or VHDL warning at Omdazz_Cyclon_IV_RZ401_top.v(158): object "SD_CLK" assigned a value but never read File: F:/Git/Wersall/classroom/Wersall_Lione/Project_4/Omdazz_Cyclon_IV_RZ401_top.v Line: 158
Warning (10036): Verilog HDL or VHDL warning at Omdazz_Cyclon_IV_RZ401_top.v(158): object "SD_CS" assigned a value but never read File: F:/Git/Wersall/classroom/Wersall_Lione/Project_4/Omdazz_Cyclon_IV_RZ401_top.v Line: 158
Warning (10036): Verilog HDL or VHDL warning at Omdazz_Cyclon_IV_RZ401_top.v(158): object "SD_WE" assigned a value but never read File: F:/Git/Wersall/classroom/Wersall_Lione/Project_4/Omdazz_Cyclon_IV_RZ401_top.v Line: 158
Warning (10036): Verilog HDL or VHDL warning at Omdazz_Cyclon_IV_RZ401_top.v(158): object "SD_RAS" assigned a value but never read File: F:/Git/Wersall/classroom/Wersall_Lione/Project_4/Omdazz_Cyclon_IV_RZ401_top.v Line: 158
Warning (10036): Verilog HDL or VHDL warning at Omdazz_Cyclon_IV_RZ401_top.v(158): object "SD_CAS" assigned a value but never read File: F:/Git/Wersall/classroom/Wersall_Lione/Project_4/Omdazz_Cyclon_IV_RZ401_top.v Line: 158
Warning (10034): Output port "LCD1_RS" at Omdazz_Cyclon_IV_RZ401_top.v(45) has no driver File: F:/Git/Wersall/classroom/Wersall_Lione/Project_4/Omdazz_Cyclon_IV_RZ401_top.v Line: 45
Warning (10034): Output port "LCD2_RW" at Omdazz_Cyclon_IV_RZ401_top.v(46) has no driver File: F:/Git/Wersall/classroom/Wersall_Lione/Project_4/Omdazz_Cyclon_IV_RZ401_top.v Line: 46
Warning (10034): Output port "LCD3_E" at Omdazz_Cyclon_IV_RZ401_top.v(47) has no driver File: F:/Git/Wersall/classroom/Wersall_Lione/Project_4/Omdazz_Cyclon_IV_RZ401_top.v Line: 47
Warning (10034): Output port "LCD4_D0" at Omdazz_Cyclon_IV_RZ401_top.v(48) has no driver File: F:/Git/Wersall/classroom/Wersall_Lione/Project_4/Omdazz_Cyclon_IV_RZ401_top.v Line: 48
Warning (10034): Output port "LCD5_D1" at Omdazz_Cyclon_IV_RZ401_top.v(49) has no driver File: F:/Git/Wersall/classroom/Wersall_Lione/Project_4/Omdazz_Cyclon_IV_RZ401_top.v Line: 49
Warning (10034): Output port "LCD6_D2" at Omdazz_Cyclon_IV_RZ401_top.v(50) has no driver File: F:/Git/Wersall/classroom/Wersall_Lione/Project_4/Omdazz_Cyclon_IV_RZ401_top.v Line: 50
Warning (10034): Output port "LCD7_D3" at Omdazz_Cyclon_IV_RZ401_top.v(51) has no driver File: F:/Git/Wersall/classroom/Wersall_Lione/Project_4/Omdazz_Cyclon_IV_RZ401_top.v Line: 51
Warning (10034): Output port "LCD8_D4" at Omdazz_Cyclon_IV_RZ401_top.v(52) has no driver File: F:/Git/Wersall/classroom/Wersall_Lione/Project_4/Omdazz_Cyclon_IV_RZ401_top.v Line: 52
Warning (10034): Output port "LCD9_D5" at Omdazz_Cyclon_IV_RZ401_top.v(53) has no driver File: F:/Git/Wersall/classroom/Wersall_Lione/Project_4/Omdazz_Cyclon_IV_RZ401_top.v Line: 53
Warning (10034): Output port "LCD10_D6" at Omdazz_Cyclon_IV_RZ401_top.v(54) has no driver File: F:/Git/Wersall/classroom/Wersall_Lione/Project_4/Omdazz_Cyclon_IV_RZ401_top.v Line: 54
Warning (10034): Output port "LCD11_D7" at Omdazz_Cyclon_IV_RZ401_top.v(95) has no driver File: F:/Git/Wersall/classroom/Wersall_Lione/Project_4/Omdazz_Cyclon_IV_RZ401_top.v Line: 95
Info (12128): Elaborating entity "key_ctrl" for hierarchy "key_ctrl:key_add_inst" File: F:/Git/Wersall/classroom/Wersall_Lione/Project_4/Omdazz_Cyclon_IV_RZ401_top.v Line: 195
Info (12128): Elaborating entity "sensivity_key" for hierarchy "sensivity_key:sensivity_key_inst" File: F:/Git/Wersall/classroom/Wersall_Lione/Project_4/Omdazz_Cyclon_IV_RZ401_top.v Line: 238
Info (12128): Elaborating entity "count1_4bit_ctrl" for hierarchy "count1_4bit_ctrl:count_low_bit_inst" File: F:/Git/Wersall/classroom/Wersall_Lione/Project_4/Omdazz_Cyclon_IV_RZ401_top.v Line: 249
Warning (10036): Verilog HDL or VHDL warning at module_count1_4bit_ctrl.v(15): object "w_dout_or" assigned a value but never read File: F:/Git/Wersall/classroom/Wersall_Lione/Project_4/module_count1_4bit_ctrl.v Line: 15
Warning (10036): Verilog HDL or VHDL warning at module_count1_4bit_ctrl.v(16): object "w_dout_and" assigned a value but never read File: F:/Git/Wersall/classroom/Wersall_Lione/Project_4/module_count1_4bit_ctrl.v Line: 16
Warning (10036): Verilog HDL or VHDL warning at module_count1_4bit_ctrl.v(20): object "wire_1" assigned a value but never read File: F:/Git/Wersall/classroom/Wersall_Lione/Project_4/module_count1_4bit_ctrl.v Line: 20
Info (12128): Elaborating entity "count_3sec_ctrl" for hierarchy "count_3sec_ctrl:count_3sec" File: F:/Git/Wersall/classroom/Wersall_Lione/Project_4/Omdazz_Cyclon_IV_RZ401_top.v Line: 269
Warning (10230): Verilog HDL assignment warning at module_count_3sec_ctrl.v(127): truncated value with size 32 to match size of target (28) File: F:/Git/Wersall/classroom/Wersall_Lione/Project_4/module_count_3sec_ctrl.v Line: 127
Info (12128): Elaborating entity "invert_ctrl" for hierarchy "invert_ctrl:invert_low_inst" File: F:/Git/Wersall/classroom/Wersall_Lione/Project_4/Omdazz_Cyclon_IV_RZ401_top.v Line: 279
Info (12128): Elaborating entity "sevenseg_dynamic_ctrl" for hierarchy "sevenseg_dynamic_ctrl:sv_seg_dynamic_inst" File: F:/Git/Wersall/classroom/Wersall_Lione/Project_4/Omdazz_Cyclon_IV_RZ401_top.v Line: 307
Info (12128): Elaborating entity "sevenseg_ctrl" for hierarchy "sevenseg_ctrl:sevenseg_inst" File: F:/Git/Wersall/classroom/Wersall_Lione/Project_4/Omdazz_Cyclon_IV_RZ401_top.v Line: 319
Info (12128): Elaborating entity "count_3sec_ctrl" for hierarchy "count_3sec_ctrl:count_long_strobe_music_sheet" File: F:/Git/Wersall/classroom/Wersall_Lione/Project_4/Omdazz_Cyclon_IV_RZ401_top.v Line: 333
Warning (10230): Verilog HDL assignment warning at module_count_3sec_ctrl.v(135): truncated value with size 32 to match size of target (28) File: F:/Git/Wersall/classroom/Wersall_Lione/Project_4/module_count_3sec_ctrl.v Line: 135
Info (12128): Elaborating entity "buzzer_ctrl" for hierarchy "buzzer_ctrl:buzzer_inst" File: F:/Git/Wersall/classroom/Wersall_Lione/Project_4/Omdazz_Cyclon_IV_RZ401_top.v Line: 342
Warning (10230): Verilog HDL assignment warning at module_buzzer_ctrl.v(83): truncated value with size 32 to match size of target (21) File: F:/Git/Wersall/classroom/Wersall_Lione/Project_4/module_buzzer_ctrl.v Line: 83
Info (13014): Ignored 5 buffer(s)
    Info (13019): Ignored 5 SOFT buffer(s)
Warning (12241): 4 hierarchies have connectivity warnings - see the Connectivity Checks report folder
Warning (13024): Output pins are stuck at VCC or GND
    Warning (13410): Pin "UART_TXD" is stuck at GND File: F:/Git/Wersall/classroom/Wersall_Lione/Project_4/Omdazz_Cyclon_IV_RZ401_top.v Line: 14
    Warning (13410): Pin "PS_CLOCK" is stuck at GND File: F:/Git/Wersall/classroom/Wersall_Lione/Project_4/Omdazz_Cyclon_IV_RZ401_top.v Line: 24
    Warning (13410): Pin "PS_DATA" is stuck at GND File: F:/Git/Wersall/classroom/Wersall_Lione/Project_4/Omdazz_Cyclon_IV_RZ401_top.v Line: 25
    Warning (13410): Pin "IR" is stuck at VCC File: F:/Git/Wersall/classroom/Wersall_Lione/Project_4/Omdazz_Cyclon_IV_RZ401_top.v Line: 26
    Warning (13410): Pin "SEG_1" is stuck at GND File: F:/Git/Wersall/classroom/Wersall_Lione/Project_4/Omdazz_Cyclon_IV_RZ401_top.v Line: 38
    Warning (13410): Pin "SEG_2" is stuck at GND File: F:/Git/Wersall/classroom/Wersall_Lione/Project_4/Omdazz_Cyclon_IV_RZ401_top.v Line: 39
    Warning (13410): Pin "SEG_6" is stuck at VCC File: F:/Git/Wersall/classroom/Wersall_Lione/Project_4/Omdazz_Cyclon_IV_RZ401_top.v Line: 43
    Warning (13410): Pin "SEG_7" is stuck at VCC File: F:/Git/Wersall/classroom/Wersall_Lione/Project_4/Omdazz_Cyclon_IV_RZ401_top.v Line: 44
    Warning (13410): Pin "LCD1_RS" is stuck at GND File: F:/Git/Wersall/classroom/Wersall_Lione/Project_4/Omdazz_Cyclon_IV_RZ401_top.v Line: 45
    Warning (13410): Pin "LCD2_RW" is stuck at GND File: F:/Git/Wersall/classroom/Wersall_Lione/Project_4/Omdazz_Cyclon_IV_RZ401_top.v Line: 46
    Warning (13410): Pin "LCD3_E" is stuck at GND File: F:/Git/Wersall/classroom/Wersall_Lione/Project_4/Omdazz_Cyclon_IV_RZ401_top.v Line: 47
    Warning (13410): Pin "LCD4_D0" is stuck at GND File: F:/Git/Wersall/classroom/Wersall_Lione/Project_4/Omdazz_Cyclon_IV_RZ401_top.v Line: 48
    Warning (13410): Pin "LCD5_D1" is stuck at GND File: F:/Git/Wersall/classroom/Wersall_Lione/Project_4/Omdazz_Cyclon_IV_RZ401_top.v Line: 49
    Warning (13410): Pin "LCD6_D2" is stuck at GND File: F:/Git/Wersall/classroom/Wersall_Lione/Project_4/Omdazz_Cyclon_IV_RZ401_top.v Line: 50
    Warning (13410): Pin "LCD7_D3" is stuck at GND File: F:/Git/Wersall/classroom/Wersall_Lione/Project_4/Omdazz_Cyclon_IV_RZ401_top.v Line: 51
    Warning (13410): Pin "LCD8_D4" is stuck at GND File: F:/Git/Wersall/classroom/Wersall_Lione/Project_4/Omdazz_Cyclon_IV_RZ401_top.v Line: 52
    Warning (13410): Pin "LCD9_D5" is stuck at GND File: F:/Git/Wersall/classroom/Wersall_Lione/Project_4/Omdazz_Cyclon_IV_RZ401_top.v Line: 53
    Warning (13410): Pin "LCD10_D6" is stuck at GND File: F:/Git/Wersall/classroom/Wersall_Lione/Project_4/Omdazz_Cyclon_IV_RZ401_top.v Line: 54
    Warning (13410): Pin "LCD11_D7" is stuck at GND File: F:/Git/Wersall/classroom/Wersall_Lione/Project_4/Omdazz_Cyclon_IV_RZ401_top.v Line: 95
Info (286030): Timing-Driven Synthesis is running
Info (17049): 3 registers lost all their fanouts during netlist optimizations.
Info (144001): Generated suppressed messages file F:/Git/Wersall/classroom/Wersall_Lione/Project_4/output_files/Omdazz_Cyclon_IV_RZ401_top.map.smsg
Info (16010): Generating hard_block partition "hard_block:auto_generated_inst"
    Info (16011): Adding 0 node(s), including 0 DDIO, 0 PLL, 0 transceiver and 0 LCELL
Warning (21074): Design contains 2 input pin(s) that do not drive logic
    Warning (15610): No output dependent on input pin "RESET_BUT" File: F:/Git/Wersall/classroom/Wersall_Lione/Project_4/Omdazz_Cyclon_IV_RZ401_top.v Line: 11
    Warning (15610): No output dependent on input pin "UART_RXD" File: F:/Git/Wersall/classroom/Wersall_Lione/Project_4/Omdazz_Cyclon_IV_RZ401_top.v Line: 13
Info (21057): Implemented 337 device resources after synthesis - the final resource count might be different
    Info (21058): Implemented 7 input pins
    Info (21059): Implemented 32 output pins
    Info (21060): Implemented 4 bidirectional pins
    Info (21061): Implemented 294 logic cells
Info: Quartus Prime Analysis & Synthesis was successful. 0 errors, 132 warnings
    Info: Peak virtual memory: 4860 megabytes
    Info: Processing ended: Wed Feb 26 22:00:01 2025
    Info: Elapsed time: 00:00:07
    Info: Total CPU time (on all processors): 00:00:16


+------------------------------------------+
; Analysis & Synthesis Suppressed Messages ;
+------------------------------------------+
The suppressed messages can be found in F:/Git/Wersall/classroom/Wersall_Lione/Project_4/output_files/Omdazz_Cyclon_IV_RZ401_top.map.smsg.


