Flow report for Omdazz_Cyclon_IV_RZ401_top
Wed Feb 26 22:00:07 2025
Quartus Prime Version 22.1std.0 Build 915 10/25/2022 SC Standard Edition


---------------------
; Table of Contents ;
---------------------
  1. Legal Notice
  2. Flow Summary
  3. Flow Settings
  4. Flow Non-Default Global Settings
  5. Flow Elapsed Time
  6. Flow OS Summary
  7. Flow Log
  8. Flow Messages
  9. Flow Suppressed Messages



----------------
; Legal Notice ;
----------------
Copyright (C) 2022  Intel Corporation. All rights reserved.
Your use of Intel Corporation's design tools, logic functions 
and other software and tools, and any partner logic 
functions, and any output files from any of the foregoing 
(including device programming or simulation files), and any 
associated documentation or information are expressly subject 
to the terms and conditions of the Intel Program License 
Subscription Agreement, the Intel Quartus Prime License Agreement,
the Intel FPGA IP License Agreement, or other applicable license
agreement, including, without limitation, that your use is for
the sole purpose of programming logic devices manufactured by
Intel and sold by Intel or its authorized distributors.  Please
refer to the applicable agreement for further details, at
https://fpgasoftware.intel.com/eula.



+-----------------------------------------------------------------------------------------+
; Flow Summary                                                                            ;
+------------------------------------+----------------------------------------------------+
; Flow Status                        ; Successful - Wed Feb 26 22:00:07 2025              ;
; Quartus Prime Version              ; 22.1std.0 Build 915 10/25/2022 SC Standard Edition ;
; Revision Name                      ; Omdazz_Cyclon_IV_RZ401_top                         ;
; Top-level Entity Name              ; Omdazz_Cyclon_IV_RZ401_top                         ;
; Family                             ; Cyclone IV E                                       ;
; Device                             ; EP4CE10E22C8                                       ;
; Timing Models                      ; Final                                              ;
; Total logic elements               ; 294 / 10,320 ( 3 % )                               ;
;     Total combinational functions  ; 282 / 10,320 ( 3 % )                               ;
;     Dedicated logic registers      ; 207 / 10,320 ( 2 % )                               ;
; Total registers                    ; 207                                                ;
; Total pins                         ; 43 / 92 ( 47 % )                                   ;
; Total virtual pins                 ; 0                                                  ;
; Total memory bits                  ; 0 / 423,936 ( 0 % )                                ;
; Embedded Multiplier 9-bit elements ; 0 / 46 ( 0 % )                                     ;
; Total PLLs                         ; 0 / 2 ( 0 % )                                      ;
+------------------------------------+----------------------------------------------------+


+------------------------------------------------+
; Flow Settings                                  ;
+-------------------+----------------------------+
; Option            ; Setting                    ;
+-------------------+----------------------------+
; Start date & time ; 02/26/2025 21:59:55        ;
; Main task         ; Compilation                ;
; Revision Name     ; Omdazz_Cyclon_IV_RZ401_top ;
+-------------------+----------------------------+


+-------------------------------------------------------------------------------------------------------------------------+
; Flow Non-Default Global Settings                                                                                        ;
+-------------------------------------+----------------------------------------+---------------+-------------+------------+
; Assignment Name                     ; Value                                  ; Default Value ; Entity Name ; Section Id ;
+-------------------------------------+----------------------------------------+---------------+-------------+------------+
; COMPILER_SIGNATURE_ID               ; 1098044792989.174059639504312          ; --            ; --          ; --         ;
; ENABLE_SIGNALTAP                    ; On                                     ; --            ; --          ; --         ;
; MAX_CORE_JUNCTION_TEMP              ; 85                                     ; --            ; --          ; --         ;
; MIN_CORE_JUNCTION_TEMP              ; 0                                      ; --            ; --          ; --         ;
; NOMINAL_CORE_SUPPLY_VOLTAGE         ; 1.2V                                   ; --            ; --          ; --         ;
; PARTITION_COLOR                     ; -- (Not supported for targeted family) ; --            ; --          ; Top        ;
; PARTITION_FITTER_PRESERVATION_LEVEL ; -- (Not supported for targeted family) ; --            ; --          ; Top        ;
; PARTITION_NETLIST_TYPE              ; -- (Not supported for targeted family) ; --            ; --          ; Top        ;
; PROJECT_OUTPUT_DIRECTORY            ; output_files                           ; --            ; --          ; --         ;
; SLD_FILE                            ; db/stp2_auto_stripped.stp              ; --            ; --          ; --         ;
; USE_SIGNALTAP_FILE                  ; stp2.stp                               ; --            ; --          ; --         ;
+-------------------------------------+----------------------------------------+---------------+-------------+------------+


+--------------------------------------------------------------------------------------------------------------------------+
; Flow Elapsed Time                                                                                                        ;
+----------------------+--------------+-------------------------+---------------------+------------------------------------+
; Module Name          ; Elapsed Time ; Average Processors Used ; Peak Virtual Memory ; Total CPU Time (on all processors) ;
+----------------------+--------------+-------------------------+---------------------+------------------------------------+
; Analysis & Synthesis ; 00:00:06     ; 1.0                     ; 4860 MB             ; 00:00:16                           ;
; Fitter               ; 00:00:03     ; 1.1                     ; 6548 MB             ; 00:00:06                           ;
; Assembler            ; 00:00:00     ; 1.0                     ; 4730 MB             ; 00:00:01                           ;
; Total                ; 00:00:09     ; --                      ; --                  ; 00:00:23                           ;
+----------------------+--------------+-------------------------+---------------------+------------------------------------+


+------------------------------------------------------------------------------------+
; Flow OS Summary                                                                    ;
+----------------------+------------------+------------+------------+----------------+
; Module Name          ; Machine Hostname ; OS Name    ; OS Version ; Processor type ;
+----------------------+------------------+------------+------------+----------------+
; Analysis & Synthesis ; MatRs-WINMAX2    ; Windows 10 ; 10.0       ; x86_64         ;
; Fitter               ; MatRs-WINMAX2    ; Windows 10 ; 10.0       ; x86_64         ;
; Assembler            ; MatRs-WINMAX2    ; Windows 10 ; 10.0       ; x86_64         ;
+----------------------+------------------+------------+------------+----------------+


------------
; Flow Log ;
------------
quartus_map --read_settings_files=on --write_settings_files=off Omdazz_Cyclon_IV_RZ401_top -c Omdazz_Cyclon_IV_RZ401_top
quartus_fit --read_settings_files=off --write_settings_files=off Omdazz_Cyclon_IV_RZ401_top -c Omdazz_Cyclon_IV_RZ401_top
quartus_asm --read_settings_files=off --write_settings_files=off Omdazz_Cyclon_IV_RZ401_top -c Omdazz_Cyclon_IV_RZ401_top



